> Task :app:preBuild UP-TO-DATE
> Task :app:preDebugBuild UP-TO-DATE
> Task :app:generateDebugResources UP-TO-DATE
> Task :app:processDebugGoogleServices UP-TO-DATE
> Task :app:packageDebugResources UP-TO-DATE
> Task :app:processDebugNavigationResources UP-TO-DATE
> Task :app:parseDebugLocalResources UP-TO-DATE
> Task :app:generateDebugRFile UP-TO-DATE
> Task :app:compileDebugKotlin NO-SOURCE
> Task :app:javaPreCompileDebug UP-TO-DATE
> Task :app:compileDebugJavaWithJavac UP-TO-DATE
> Task :app:checkDebugAarMetadata UP-TO-DATE
> Task :app:compileDebugNavigationResources UP-TO-DATE
> Task :app:mapDebugSourceSetPaths UP-TO-DATE
> Task :app:mergeDebugResources UP-TO-DATE
> Task :app:createDebugCompatibleScreenManifests UP-TO-DATE
> Task :app:extractDeepLinksDebug UP-TO-DATE
> Task :app:processDebugMainManifest UP-TO-DATE
> Task :app:processDebugManifest UP-TO-DATE
> Task :app:processDebugManifestForPackage UP-TO-DATE
> Task :app:processDebugResources UP-TO-DATE
> Task :app:bundleDebugClassesToCompileJar UP-TO-DATE
> Task :app:preDebugAndroidTestBuild SKIPPED
> Task :app:generateDebugAndroidTestResources UP-TO-DATE
> Task :app:packageDebugAndroidTestResources UP-TO-DATE
> Task :app:processDebugAndroidTestNavigationResources UP-TO-DATE
> Task :app:parseDebugAndroidTestLocalResources UP-TO-DATE
> Task :app:generateDebugAndroidTestRFile UP-TO-DATE
> Task :app:compileDebugAndroidTestKotlin NO-SOURCE
> Task :app:javaPreCompileDebugAndroidTest UP-TO-DATE

> Task :app:compileDebugAndroidTestJavaWithJavac FAILED
.\gradlew : E:\GitHub\TicketReservationApp\app\src\androidTest\java\com\example
\ticketreservationapp\EventBrowsingE2ETest.java:36: error: cannot find symbol
At line:1 char:1
+ .\gradlew connectedAndroidTest 2>&1 > build_output.txt; Get-Content b ...
+ ~~~~~~~~~~~~~~~~~~~~~~~~~~~~~~~~~~~~~~~~~~~~~~~~~~~~~~
    + CategoryInfo          : NotSpecified: (E:\GitHub\Ticke...not find symbol 
   :String) [], RemoteException
    + FullyQualifiedErrorId : NativeCommandError
 
        onView(withId(R.id.events_list))
                          ^
  symbol:   variable events_list
  location: class id
E:\GitHub\TicketReservationApp\app\src\androidTest\java\com\example\ticketreser
vationapp\EventBrowsingE2ETest.java:55: error: cannot find symbol
        onView(withId(R.id.events_list))
                          ^
  symbol:   variable events_list
  location: class id
E:\GitHub\TicketReservationApp\app\src\androidTest\java\com\example\ticketreser
vationapp\EventBrowsingE2ETest.java:59: error: cannot find symbol
        onView(withId(R.id.events_list))
                          ^
  symbol:   variable events_list
  location: class id
E:\GitHub\TicketReservationApp\app\src\androidTest\java\com\example\ticketreser
vationapp\EventBrowsingE2ETest.java:72: error: cannot find symbol
        onView(withId(R.id.filter_button))
                          ^
  symbol:   variable filter_button
  location: class id
E:\GitHub\TicketReservationApp\app\src\androidTest\java\com\example\ticketreser
vationapp\EventBrowsingE2ETest.java:81: error: cannot find symbol
        onView(withId(R.id.events_list))
                          ^
  symbol:   variable events_list
  location: class id
E:\GitHub\TicketReservationApp\app\src\androidTest\java\com\example\ticketreser
vationapp\EventBrowsingE2ETest.java:97: error: cannot find symbol
        onView(withId(R.id.filter_button))
                          ^
  symbol:   variable filter_button
  location: class id
E:\GitHub\TicketReservationApp\app\src\androidTest\java\com\example\ticketreser
vationapp\EventBrowsingE2ETest.java:106: error: cannot find symbol
        onView(withId(R.id.events_list))
                          ^
  symbol:   variable events_list
  location: class id
E:\GitHub\TicketReservationApp\app\src\androidTest\java\com\example\ticketreser
vationapp\EventBrowsingE2ETest.java:121: error: cannot find symbol
        onView(withId(R.id.events_list))
                          ^
  symbol:   variable events_list
  location: class id
E:\GitHub\TicketReservationApp\app\src\androidTest\java\com\example\ticketreser
vationapp\EventBrowsingE2ETest.java:141: error: cannot find symbol
        onView(withId(R.id.events_list))
                          ^
  symbol:   variable events_list
  location: class id
E:\GitHub\TicketReservationApp\app\src\androidTest\java\com\example\ticketreser
vationapp\EventBrowsingE2ETest.java:150: error: cannot find symbol
        onView(withId(R.id.event_details_container))
                          ^
  symbol:   variable event_details_container
  location: class id
E:\GitHub\TicketReservationApp\app\src\androidTest\java\com\example\ticketreser
vationapp\EventBrowsingE2ETest.java:165: error: cannot find symbol
        onView(withId(R.id.filter_button))
                          ^
  symbol:   variable filter_button
  location: class id
E:\GitHub\TicketReservationApp\app\src\androidTest\java\com\example\ticketreser
vationapp\EventBrowsingE2ETest.java:173: error: cannot find symbol
        onView(withId(R.id.events_list))
                          ^
  symbol:   variable events_list
  location: class id
E:\GitHub\TicketReservationApp\app\src\androidTest\java\com\example\ticketreser
vationapp\EventBrowsingE2ETest.java:177: error: cannot find symbol
        onView(withId(R.id.filter_button))
                          ^
  symbol:   variable filter_button
  location: class id
E:\GitHub\TicketReservationApp\app\src\androidTest\java\com\example\ticketreser
vationapp\EventBrowsingE2ETest.java:185: error: cannot find symbol
        onView(withId(R.id.events_list))
                          ^
  symbol:   variable events_list
  location: class id
E:\GitHub\TicketReservationApp\app\src\androidTest\java\com\example\ticketreser
vationapp\EventBrowsingE2ETest.java:200: error: cannot find symbol
        onView(withId(R.id.filter_button))
                          ^
  symbol:   variable filter_button
  location: class id
E:\GitHub\TicketReservationApp\app\src\androidTest\java\com\example\ticketreser
vationapp\EventBrowsingE2ETest.java:208: error: cannot find symbol
        onView(withId(R.id.events_list))
                          ^
  symbol:   variable events_list
  location: class id
E:\GitHub\TicketReservationApp\app\src\androidTest\java\com\example\ticketreser
vationapp\EventBrowsingE2ETest.java:212: error: cannot find symbol
        onView(withId(R.id.filter_button))
                          ^
  symbol:   variable filter_button
  location: class id
E:\GitHub\TicketReservationApp\app\src\androidTest\java\com\example\ticketreser
vationapp\EventBrowsingE2ETest.java:220: error: cannot find symbol
        onView(withId(R.id.events_list))
                          ^
  symbol:   variable events_list
  location: class id
E:\GitHub\TicketReservationApp\app\src\androidTest\java\com\example\ticketreser
vationapp\EventBrowsingE2ETest.java:234: error: cannot find symbol
        onView(withId(R.id.events_list))
                          ^
  symbol:   variable events_list
  location: class id
E:\GitHub\TicketReservationApp\app\src\androidTest\java\com\example\ticketreser
vationapp\EventBrowsingE2ETest.java:245: error: cannot find symbol
        onView(withId(R.id.events_list))
                          ^
  symbol:   variable events_list
  location: class id
E:\GitHub\TicketReservationApp\app\src\androidTest\java\com\example\ticketreser
vationapp\EventBrowsingE2ETest.java:263: error: cannot find symbol
        onView(withId(R.id.events_list))
                          ^
  symbol:   variable events_list
  location: class id
E:\GitHub\TicketReservationApp\app\src\androidTest\java\com\example\ticketreser
vationapp\EventBrowsingE2ETest.java:270: error: cannot find symbol
        onView(withId(R.id.filter_button))
                          ^
  symbol:   variable filter_button
  location: class id
E:\GitHub\TicketReservationApp\app\src\androidTest\java\com\example\ticketreser
vationapp\EventBrowsingE2ETest.java:277: error: cannot find symbol
        onView(withId(R.id.events_list))
                          ^
  symbol:   variable events_list
  location: class id
E:\GitHub\TicketReservationApp\app\src\androidTest\java\com\example\ticketreser
vationapp\EventBrowsingE2ETest.java:284: error: cannot find symbol
        onView(withId(R.id.filter_button))
                          ^
  symbol:   variable filter_button
  location: class id
E:\GitHub\TicketReservationApp\app\src\androidTest\java\com\example\ticketreser
vationapp\EventBrowsingE2ETest.java:291: error: cannot find symbol
        onView(withId(R.id.events_list))
                          ^
  symbol:   variable events_list
  location: class id
E:\GitHub\TicketReservationApp\app\src\androidTest\java\com\example\ticketreser
vationapp\EventBrowsingE2ETest.java:302: error: cannot find symbol
        onView(withId(R.id.event_details_container))
                          ^
  symbol:   variable event_details_container
  location: class id
E:\GitHub\TicketReservationApp\app\src\androidTest\java\com\example\ticketreser
vationapp\EventBrowsingE2ETest.java:314: error: cannot find symbol
        onView(withId(R.id.back_button))
                          ^
  symbol:   variable back_button
  location: class id
E:\GitHub\TicketReservationApp\app\src\androidTest\java\com\example\ticketreser
vationapp\EventBrowsingE2ETest.java:317: error: cannot find symbol
        onView(withId(R.id.events_list))
                          ^
  symbol:   variable events_list
  location: class id
28 errors

[Incubating] Problems report is available at: file:///E:/GitHub/TicketReservationApp/build/reports/problems/problems-report.html

FAILURE: Build failed with an exception.

* What went wrong:
Execution failed for task ':app:compileDebugAndroidTestJavaWithJavac'.
> Compilation failed; see the compiler output below.
  E:\GitHub\TicketReservationApp\app\src\androidTest\java\com\example\ticketres
ervationapp\EventBrowsingE2ETest.java:36: error: cannot find symbol
          onView(withId(R.id.events_list))
                            ^
    symbol:   variable events_list
    location: class id
  E:\GitHub\TicketReservationApp\app\src\androidTest\java\com\example\ticketres
ervationapp\EventBrowsingE2ETest.java:55: error: cannot find symbol
          onView(withId(R.id.events_list))
                            ^
    symbol:   variable events_list
    location: class id
  E:\GitHub\TicketReservationApp\app\src\androidTest\java\com\example\ticketres
ervationapp\EventBrowsingE2ETest.java:59: error: cannot find symbol
          onView(withId(R.id.events_list))
                            ^
    symbol:   variable events_list
    location: class id
  E:\GitHub\TicketReservationApp\app\src\androidTest\java\com\example\ticketres
ervationapp\EventBrowsingE2ETest.java:72: error: cannot find symbol
          onView(withId(R.id.filter_button))
                            ^
    symbol:   variable filter_button
    location: class id
  E:\GitHub\TicketReservationApp\app\src\androidTest\java\com\example\ticketres
ervationapp\EventBrowsingE2ETest.java:81: error: cannot find symbol
          onView(withId(R.id.events_list))
                            ^
    symbol:   variable events_list
    location: class id
  E:\GitHub\TicketReservationApp\app\src\androidTest\java\com\example\ticketres
ervationapp\EventBrowsingE2ETest.java:97: error: cannot find symbol
          onView(withId(R.id.filter_button))
                            ^
    symbol:   variable filter_button
    location: class id
  E:\GitHub\TicketReservationApp\app\src\androidTest\java\com\example\ticketres
ervationapp\EventBrowsingE2ETest.java:106: error: cannot find symbol
          onView(withId(R.id.events_list))
                            ^
    symbol:   variable events_list
    location: class id
  E:\GitHub\TicketReservationApp\app\src\androidTest\java\com\example\ticketres
ervationapp\EventBrowsingE2ETest.java:121: error: cannot find symbol
          onView(withId(R.id.events_list))
                            ^
    symbol:   variable events_list
    location: class id
  E:\GitHub\TicketReservationApp\app\src\androidTest\java\com\example\ticketres
ervationapp\EventBrowsingE2ETest.java:141: error: cannot find symbol
          onView(withId(R.id.events_list))
                            ^
    symbol:   variable events_list
    location: class id
  E:\GitHub\TicketReservationApp\app\src\androidTest\java\com\example\ticketres
ervationapp\EventBrowsingE2ETest.java:150: error: cannot find symbol
          onView(withId(R.id.event_details_container))
                            ^
    symbol:   variable event_details_container
    location: class id
  E:\GitHub\TicketReservationApp\app\src\androidTest\java\com\example\ticketres
ervationapp\EventBrowsingE2ETest.java:165: error: cannot find symbol
          onView(withId(R.id.filter_button))
                            ^
    symbol:   variable filter_button
    location: class id
  E:\GitHub\TicketReservationApp\app\src\androidTest\java\com\example\ticketres
ervationapp\EventBrowsingE2ETest.java:173: error: cannot find symbol
          onView(withId(R.id.events_list))
                            ^
    symbol:   variable events_list
    location: class id
  E:\GitHub\TicketReservationApp\app\src\androidTest\java\com\example\ticketres
ervationapp\EventBrowsingE2ETest.java:177: error: cannot find symbol
          onView(withId(R.id.filter_button))
                            ^
    symbol:   variable filter_button
    location: class id
  E:\GitHub\TicketReservationApp\app\src\androidTest\java\com\example\ticketres
ervationapp\EventBrowsingE2ETest.java:185: error: cannot find symbol
          onView(withId(R.id.events_list))
                            ^
    symbol:   variable events_list
    location: class id
  E:\GitHub\TicketReservationApp\app\src\androidTest\java\com\example\ticketres
ervationapp\EventBrowsingE2ETest.java:200: error: cannot find symbol
          onView(withId(R.id.filter_button))
                            ^
    symbol:   variable filter_button
    location: class id
  E:\GitHub\TicketReservationApp\app\src\androidTest\java\com\example\ticketres
ervationapp\EventBrowsingE2ETest.java:208: error: cannot find symbol
          onView(withId(R.id.events_list))
                            ^
    symbol:   variable events_list
    location: class id
  E:\GitHub\TicketReservationApp\app\src\androidTest\java\com\example\ticketres
ervationapp\EventBrowsingE2ETest.java:212: error: cannot find symbol
          onView(withId(R.id.filter_button))
                            ^
    symbol:   variable filter_button
    location: class id
  E:\GitHub\TicketReservationApp\app\src\androidTest\java\com\example\ticketres
ervationapp\EventBrowsingE2ETest.java:220: error: cannot find symbol
          onView(withId(R.id.events_list))
                            ^
    symbol:   variable events_list
    location: class id
  E:\GitHub\TicketReservationApp\app\src\androidTest\java\com\example\ticketres
ervationapp\EventBrowsingE2ETest.java:234: error: cannot find symbol
          onView(withId(R.id.events_list))
                            ^
    symbol:   variable events_list
    location: class id
  E:\GitHub\TicketReservationApp\app\src\androidTest\java\com\example\ticketres
ervationapp\EventBrowsingE2ETest.java:245: error: cannot find symbol
          onView(withId(R.id.events_list))
                            ^
    symbol:   variable events_list
    location: class id
  E:\GitHub\TicketReservationApp\app\src\androidTest\java\com\example\ticketres
ervationapp\EventBrowsingE2ETest.java:263: error: cannot find symbol
          onView(withId(R.id.events_list))
                            ^
    symbol:   variable events_list
    location: class id
  E:\GitHub\TicketReservationApp\app\src\androidTest\java\com\example\ticketres
ervationapp\EventBrowsingE2ETest.java:270: error: cannot find symbol
          onView(withId(R.id.filter_button))
                            ^
    symbol:   variable filter_button
    location: class id
  E:\GitHub\TicketReservationApp\app\src\androidTest\java\com\example\ticketres
ervationapp\EventBrowsingE2ETest.java:277: error: cannot find symbol
          onView(withId(R.id.events_list))
                            ^
    symbol:   variable events_list
    location: class id
  E:\GitHub\TicketReservationApp\app\src\androidTest\java\com\example\ticketres
ervationapp\EventBrowsingE2ETest.java:284: error: cannot find symbol
          onView(withId(R.id.filter_button))
                            ^
    symbol:   variable filter_button
    location: class id
  E:\GitHub\TicketReservationApp\app\src\androidTest\java\com\example\ticketres
ervationapp\EventBrowsingE2ETest.java:291: error: cannot find symbol
          onView(withId(R.id.events_list))
                            ^
    symbol:   variable events_list
    location: class id
  E:\GitHub\TicketReservationApp\app\src\androidTest\java\com\example\ticketres
ervationapp\EventBrowsingE2ETest.java:302: error: cannot find symbol
          onView(withId(R.id.event_details_container))
                            ^
    symbol:   variable event_details_container
    location: class id
  E:\GitHub\TicketReservationApp\app\src\androidTest\java\com\example\ticketres
ervationapp\EventBrowsingE2ETest.java:314: error: cannot find symbol
          onView(withId(R.id.back_button))
                            ^
    symbol:   variable back_button
    location: class id
  E:\GitHub\TicketReservationApp\app\src\androidTest\java\com\example\ticketres
ervationapp\EventBrowsingE2ETest.java:317: error: cannot find symbol
          onView(withId(R.id.events_list))
                            ^
    symbol:   variable events_list
    location: class id
  28 errors

* Try:
> Check your code and dependencies to fix the compilation error(s)
> Run with --scan to generate a Build Scan (Powered by Develocity).

BUILD FAILED in 876ms
26 actionable tasks: 1 executed, 25 up-to-date
