.\gradlew : 
At line:1 char:1
+ .\gradlew connectedAndroidTest --tests "com.example.ticketreservation ...
+ ~~~~~~~~~~~~~~~~~~~~~~~~~~~~~~~~~~~~~~~~~~~~~~~~~~~~~~~~~~~~~~~~~~~~~
    + CategoryInfo          : NotSpecified: (:String) [], RemoteException
    + FullyQualifiedErrorId : NativeCommandError
 
FAILURE: Build failed with an exception.

* What went wrong:
Problem configuring task :app:connectedAndroidTest from command line.
> Unknown command-line option '--tests'.

* Try:
> Run gradlew help --task :app:connectedAndroidTest to get task usage details.
> Run with --stacktrace option to get the stack trace.
> Run with --info or --debug option to get more log output.
> Run with --scan to generate a Build Scan (Powered by Develocity).
> Get more help at https://help.gradle.org.

BUILD FAILED in 662ms
